12:22:38.090[main] INFO  testCases.Tc2_Logintest - My Account verification result: false
12:34:43.823[main] INFO  org.testng.internal.Utils - [TestNG] Running:
  C:\Users\karth\eclipse-workspace\Open_cart\grouping.xml

12:34:49.383[main] INFO  testCases.TC1_Accountregistrationpage - Starting TC1 Account registration
12:34:50.693[main] INFO  testCases.TC1_Accountregistrationpage - click on Accountlink
12:34:52.256[main] INFO  testCases.TC1_Accountregistrationpage - click on Registeraccountink
12:34:52.275[main] INFO  testCases.TC1_Accountregistrationpage - Providing customer details
12:34:54.102[main] INFO  testCases.TC1_Accountregistrationpage - validating expected message
12:34:54.946[main] INFO  testCases.TC1_Accountregistrationpage - finished TC1 Account registration
12:34:56.728[main] INFO  testCases.Tc2_Logintest - verify login test
12:34:56.728[main] INFO  testCases.Tc2_Logintest - Clicking My Account
12:34:56.849[main] INFO  testCases.Tc2_Logintest - Clicking Login
12:34:57.849[main] INFO  testCases.Tc2_Logintest - Entering email
12:34:58.049[main] INFO  testCases.Tc2_Logintest - Entering password
12:34:58.118[main] INFO  testCases.Tc2_Logintest - Clicking Login button
12:34:58.219[main] INFO  testCases.Tc2_Logintest - Verifying My Account page
12:35:08.278[main] INFO  testCases.Tc2_Logintest - My Account verification result: false
12:49:18.524[main] INFO  org.testng.internal.Utils - [TestNG] Running:
  C:\Users\karth\eclipse-workspace\Open_cart\grouping.xml

12:49:28.150[main] INFO  testCases.TC1_Accountregistrationpage - Starting TC1 Account registration
12:49:28.516[main] INFO  testCases.TC1_Accountregistrationpage - click on Accountlink
12:49:29.626[main] INFO  testCases.TC1_Accountregistrationpage - click on Registeraccountink
12:49:29.638[main] INFO  testCases.TC1_Accountregistrationpage - Providing customer details
12:49:31.889[main] INFO  testCases.TC1_Accountregistrationpage - validating expected message
12:49:32.728[main] INFO  testCases.TC1_Accountregistrationpage - finished TC1 Account registration
12:49:35.348[main] INFO  testCases.Tc2_Logintest - verify login test
12:49:35.348[main] INFO  testCases.Tc2_Logintest - Clicking My Account
12:49:35.471[main] INFO  testCases.Tc2_Logintest - Clicking Login
12:49:36.386[main] INFO  testCases.Tc2_Logintest - Entering email
12:49:36.545[main] INFO  testCases.Tc2_Logintest - Entering password
12:49:36.696[main] INFO  testCases.Tc2_Logintest - Clicking Login button
12:49:36.926[main] INFO  testCases.Tc2_Logintest - Verifying My Account page
12:49:46.985[main] INFO  testCases.Tc2_Logintest - My Account verification result: false
13:07:13.032[main] INFO  org.testng.internal.Utils - [TestNG] Running:
  C:\Users\karth\eclipse-workspace\Open_cart\grouping.xml

13:07:22.643[main] INFO  testCases.TC1_Accountregistrationpage - Starting TC1 Account registration
13:07:23.034[main] INFO  testCases.TC1_Accountregistrationpage - click on Accountlink
13:07:24.207[main] INFO  testCases.TC1_Accountregistrationpage - click on Registeraccountink
13:07:24.241[main] INFO  testCases.TC1_Accountregistrationpage - Providing customer details
13:07:28.301[main] INFO  testCases.TC1_Accountregistrationpage - validating expected message
13:07:30.000[main] INFO  testCases.TC1_Accountregistrationpage - finished TC1 Account registration
13:07:43.543[main] INFO  testCases.Tc2_Logintest - verify login test
13:07:43.558[main] INFO  testCases.Tc2_Logintest - Clicking My Account
13:07:44.223[main] INFO  testCases.Tc2_Logintest - Clicking Login
13:07:44.961[main] INFO  testCases.Tc2_Logintest - Entering email
13:07:45.253[main] INFO  testCases.Tc2_Logintest - Entering password
13:07:45.481[main] INFO  testCases.Tc2_Logintest - Clicking Login button
13:07:45.726[main] INFO  testCases.Tc2_Logintest - Verifying My Account page
13:07:55.771[main] INFO  testCases.Tc2_Logintest - My Account verification result: false
13:19:59.259[main] INFO  org.testng.internal.Utils - [TestNG] Running:
  C:\Users\karth\eclipse-workspace\Open_cart\grouping.xml

13:20:02.458[main] INFO  testCases.TC1_Accountregistrationpage - Starting TC1 Account registration
13:20:02.775[main] INFO  testCases.TC1_Accountregistrationpage - click on Accountlink
13:20:03.316[main] INFO  testCases.TC1_Accountregistrationpage - click on Registeraccountink
13:20:03.320[main] INFO  testCases.TC1_Accountregistrationpage - Providing customer details
13:20:04.383[main] INFO  testCases.TC1_Accountregistrationpage - validating expected message
13:20:05.579[main] INFO  testCases.TC1_Accountregistrationpage - finished TC1 Account registration
13:20:07.401[main] INFO  testCases.Tc2_Logintest - verify login test
13:20:07.401[main] INFO  testCases.Tc2_Logintest - Clicking My Account
13:20:07.485[main] INFO  testCases.Tc2_Logintest - Clicking Login
13:20:08.049[main] INFO  testCases.Tc2_Logintest - Entering email
13:20:08.148[main] INFO  testCases.Tc2_Logintest - Entering password
13:20:08.218[main] INFO  testCases.Tc2_Logintest - Clicking Login button
